{
  "nodes" : [ {
    "id" : 1,
    "type" : "StreamPhysicalTableSourceScan",
    "digest" : "TableSourceScan",
    "changelog_mode" : "I"
  }, {
    "id" : 2,
    "type" : "StreamPhysicalLookupJoin",
    "digest" : "LookupJoin",
    "changelog_mode" : "I",
    "predecessors" : [ {
      "id" : 1,
      "distribution" : "ANY",
      "changelog_mode" : "I"
    } ]
  }, {
    "id" : 3,
    "type" : "StreamPhysicalCalc",
    "digest" : "Calc",
    "changelog_mode" : "I",
    "predecessors" : [ {
      "id" : 2,
      "distribution" : "ANY",
      "changelog_mode" : "I"
    } ]
  }, {
    "id" : 5,
    "type" : "StreamPhysicalGroupAggregate",
    "digest" : "GroupAggregate",
    "changelog_mode" : "I,UA",
    "predecessors" : [ {
      "id" : 3,
      "distribution" : "HASH_DISTRIBUTED",
      "changelog_mode" : "I"
    } ]
  } ],
  "advice" : [ {
    "kind" : "WARNING",
    "scope" : "LOCAL",
    "content" : "You might want to pay attention to this node because state expiration configuration 'table.exec.state.ttl' is enabled.",
    "id" : [ 2, 5 ]
  } ]
}
